C:\Users\L Melvin Denish\Amazon_ML\work\analysis\added_tokens.py:24: DeprecationWarning: In Polars 2.0, the default behavior for `empty_as_null` will change to `False`. To keep the current behavior, explicitly set `empty_as_null=True`.
  return d.with_columns(pl.col("tt").list.set_difference(pl.col("qt")).alias("add")).explode("add").drop_nulls("add")
[US] train added-token rows 494,455 (base match rate 0.845); test rows 668,775
most frequent added tokens on TEST:
shape: (45, 6)
┌──────────────┬───────┬────────────┬───────────┬───────┬───────────┐
│ add          ┆ n_tr  ┆ match_rate ┆ mean_p_tr ┆ n_te  ┆ mean_p_te │
│ ---          ┆ ---   ┆ ---        ┆ ---       ┆ ---   ┆ ---       │
│ str          ┆ u32   ┆ f64        ┆ f32       ┆ u32   ┆ f32       │
╞══════════════╪═══════╪════════════╪═══════════╪═══════╪═══════════╡
│ com          ┆ 38712 ┆ 0.975      ┆ 0.975     ┆ 39102 ┆ 0.975     │
│ inc          ┆ 19461 ┆ 0.783      ┆ 0.775     ┆ 32090 ┆ 0.629     │
│ center       ┆ 23460 ┆ 0.838      ┆ 0.841     ┆ 25649 ┆ 0.811     │
│ llc          ┆ 14650 ┆ 0.717      ┆ 0.719     ┆ 25312 ┆ 0.601     │
│ co           ┆ 10914 ┆ 0.669      ┆ 0.687     ┆ 25224 ┆ 0.515     │
│ ltd          ┆ 9070  ┆ 0.727      ┆ 0.737     ┆ 21668 ┆ 0.544     │
│ corp         ┆ 9586  ┆ 0.709      ┆ 0.725     ┆ 21133 ┆ 0.552     │
│ services     ┆ 16726 ┆ 0.857      ┆ 0.861     ┆ 18106 ┆ 0.817     │
│ partners     ┆ 6609  ┆ 0.817      ┆ 0.756     ┆ 16309 ┆ 0.42      │
│ the          ┆ 10763 ┆ 0.852      ┆ 0.856     ┆ 12970 ┆ 0.771     │
│ holdings     ┆ 887   ┆ 0.0        ┆ 0.131     ┆ 11043 ┆ 0.183     │
│ group        ┆ 997   ┆ 0.001      ┆ 0.14      ┆ 11026 ┆ 0.191     │
│ lp           ┆ 7897  ┆ 0.824      ┆ 0.806     ┆ 9116  ┆ 0.725     │
│ corporation  ┆ 8238  ┆ 0.865      ┆ 0.852     ┆ 9012  ┆ 0.783     │
│ service      ┆ 7999  ┆ 0.863      ┆ 0.863     ┆ 8817  ┆ 0.813     │
│ incorporated ┆ 6753  ┆ 0.912      ┆ 0.915     ┆ 7323  ┆ 0.875     │
│ enterprises  ┆ 5608  ┆ 0.039      ┆ 0.043     ┆ 6791  ┆ 0.047     │
│ trading      ┆ 3361  ┆ 0.326      ┆ 0.333     ┆ 4288  ┆ 0.264     │
│ nc           ┆ 3873  ┆ 0.925      ┆ 0.926     ┆ 3956  ┆ 0.908     │
│ formerly     ┆ 3363  ┆ 1.0        ┆ 1.0       ┆ 3405  ┆ 1.0       │
│ id           ┆ 2856  ┆ 0.873      ┆ 0.868     ┆ 3253  ┆ 0.811     │
│ www          ┆ 2936  ┆ 0.86       ┆ 0.852     ┆ 3205  ┆ 0.799     │
│ dba          ┆ 3261  ┆ 1.0        ┆ 1.0       ┆ 3150  ┆ 1.0       │
│ as           ┆ 2929  ┆ 0.999      ┆ 0.999     ┆ 2916  ┆ 0.999     │
│ west         ┆ 194   ┆ 0.0        ┆ 0.147     ┆ 2146  ┆ 0.207     │
│ east         ┆ 180   ┆ 0.0        ┆ 0.132     ┆ 2098  ┆ 0.206     │
│ northside    ┆ 132   ┆ 0.0        ┆ 0.124     ┆ 2022  ┆ 0.202     │
│ southside    ┆ 131   ┆ 0.0        ┆ 0.103     ┆ 1983  ┆ 0.199     │
│ lakeside     ┆ 106   ┆ 0.0        ┆ 0.095     ┆ 1884  ┆ 0.185     │
│ downtown     ┆ 127   ┆ 0.0        ┆ 0.165     ┆ 1860  ┆ 0.193     │
│ riverside    ┆ 138   ┆ 0.0        ┆ 0.117     ┆ 1840  ┆ 0.197     │
│ westgate     ┆ 134   ┆ 0.0        ┆ 0.127     ┆ 1838  ┆ 0.187     │
│ central      ┆ 118   ┆ 0.0        ┆ 0.136     ┆ 1817  ┆ 0.187     │
│ greater      ┆ 110   ┆ 0.0        ┆ 0.137     ┆ 1813  ┆ 0.183     │
│ eastgate     ┆ 127   ┆ 0.0        ┆ 0.141     ┆ 1812  ┆ 0.198     │
│ north        ┆ 130   ┆ 0.0        ┆ 0.115     ┆ 1811  ┆ 0.185     │
│ metro        ┆ 116   ┆ 0.0        ┆ 0.12      ┆ 1811  ┆ 0.178     │
│ coastal      ┆ 127   ┆ 0.0        ┆ 0.142     ┆ 1800  ┆ 0.183     │
│ midtown      ┆ 103   ┆ 0.0        ┆ 0.098     ┆ 1793  ┆ 0.182     │
│ valley       ┆ 115   ┆ 0.0        ┆ 0.112     ┆ 1780  ┆ 0.182     │
│ summit       ┆ 117   ┆ 0.0        ┆ 0.121     ┆ 1754  ┆ 0.184     │
│ south        ┆ 117   ┆ 0.0        ┆ 0.091     ┆ 1734  ┆ 0.178     │
│ uptown       ┆ 125   ┆ 0.0        ┆ 0.126     ┆ 1729  ┆ 0.181     │
│ and          ┆ 1594  ┆ 0.908      ┆ 0.908     ┆ 1722  ┆ 0.855     │
│ harbor       ┆ 113   ┆ 0.035      ┆ 0.177     ┆ 1711  ┆ 0.171     │
└──────────────┴───────┴────────────┴───────────┴───────┴───────────┘
test tokens frequent on test but rare on train (n_te > 5*n_tr):
shape: (23, 6)
┌───────────┬──────┬────────────┬───────────┬───────┬───────────┐
│ add       ┆ n_tr ┆ match_rate ┆ mean_p_tr ┆ n_te  ┆ mean_p_te │
│ ---       ┆ ---  ┆ ---        ┆ ---       ┆ ---   ┆ ---       │
│ str       ┆ u32  ┆ f64        ┆ f32       ┆ u32   ┆ f32       │
╞═══════════╪══════╪════════════╪═══════════╪═══════╪═══════════╡
│ holdings  ┆ 887  ┆ 0.0        ┆ 0.131     ┆ 11043 ┆ 0.183     │
│ group     ┆ 997  ┆ 0.001      ┆ 0.14      ┆ 11026 ┆ 0.191     │
│ west      ┆ 194  ┆ 0.0        ┆ 0.147     ┆ 2146  ┆ 0.207     │
│ east      ┆ 180  ┆ 0.0        ┆ 0.132     ┆ 2098  ┆ 0.206     │
│ northside ┆ 132  ┆ 0.0        ┆ 0.124     ┆ 2022  ┆ 0.202     │
│ southside ┆ 131  ┆ 0.0        ┆ 0.103     ┆ 1983  ┆ 0.199     │
│ lakeside  ┆ 106  ┆ 0.0        ┆ 0.095     ┆ 1884  ┆ 0.185     │
│ downtown  ┆ 127  ┆ 0.0        ┆ 0.165     ┆ 1860  ┆ 0.193     │
│ riverside ┆ 138  ┆ 0.0        ┆ 0.117     ┆ 1840  ┆ 0.197     │
│ westgate  ┆ 134  ┆ 0.0        ┆ 0.127     ┆ 1838  ┆ 0.187     │
│ central   ┆ 118  ┆ 0.0        ┆ 0.136     ┆ 1817  ┆ 0.187     │
│ greater   ┆ 110  ┆ 0.0        ┆ 0.137     ┆ 1813  ┆ 0.183     │
│ eastgate  ┆ 127  ┆ 0.0        ┆ 0.141     ┆ 1812  ┆ 0.198     │
│ north     ┆ 130  ┆ 0.0        ┆ 0.115     ┆ 1811  ┆ 0.185     │
│ metro     ┆ 116  ┆ 0.0        ┆ 0.12      ┆ 1811  ┆ 0.178     │
│ coastal   ┆ 127  ┆ 0.0        ┆ 0.142     ┆ 1800  ┆ 0.183     │
│ midtown   ┆ 103  ┆ 0.0        ┆ 0.098     ┆ 1793  ┆ 0.182     │
│ valley    ┆ 115  ┆ 0.0        ┆ 0.112     ┆ 1780  ┆ 0.182     │
│ summit    ┆ 117  ┆ 0.0        ┆ 0.121     ┆ 1754  ┆ 0.184     │
│ south     ┆ 117  ┆ 0.0        ┆ 0.091     ┆ 1734  ┆ 0.178     │
│ uptown    ┆ 125  ┆ 0.0        ┆ 0.126     ┆ 1729  ┆ 0.181     │
│ harbor    ┆ 113  ┆ 0.035      ┆ 0.177     ┆ 1711  ┆ 0.171     │
│ highland  ┆ 101  ┆ 0.0        ┆ 0.131     ┆ 1687  ┆ 0.181     │
└───────────┴──────┴────────────┴───────────┴───────┴───────────┘
