India train cells done
US train cells done

######## TEST US  (S1 663,043)
shape: (16, 8)
┌────────────────────┬──────────┬──────────┬───────┬───────────┬──────────┬───────┬───────────┐
│ cell               ┆ per1k_tr ┆ per1k_te ┆ pi_tr ┆ mean_p_te ┆ pi_ratio ┆ pi_em ┆ odds_mult │
│ ---                ┆ ---      ┆ ---      ┆ ---   ┆ ---       ┆ ---      ┆ ---   ┆ ---       │
│ str                ┆ f64      ┆ f64      ┆ f64   ┆ f64       ┆ f64      ┆ f64   ┆ f64       │
╞════════════════════╪══════════╪══════════╪═══════╪═══════════╪══════════╪═══════╪═══════════╡
│ legal|far|anch     ┆ 34.0     ┆ 90.7     ┆ 0.801 ┆ 0.469     ┆ 0.3      ┆ 0.321 ┆ 0.106     │
│ legal|missing|anch ┆ 120.4    ┆ 100.7    ┆ 0.366 ┆ 0.426     ┆ 0.437    ┆ 0.438 ┆ 1.0       │
│ legal|same|anch    ┆ 268.6    ┆ 271.4    ┆ 0.996 ┆ 0.993     ┆ 0.986    ┆ 0.991 ┆ 1.0       │
│ legal|same|free    ┆ 15.4     ┆ 16.3     ┆ 0.989 ┆ 0.985     ┆ 0.937    ┆ 0.983 ┆ 1.0       │
│ none|far|anch      ┆ 139.4    ┆ 141.4    ┆ 0.991 ┆ 0.989     ┆ 0.978    ┆ 0.988 ┆ 1.0       │
│ none|far|free      ┆ 45.2     ┆ 43.6     ┆ 0.995 ┆ 0.993     ┆ 1.03     ┆ 0.993 ┆ 1.0       │
│ none|missing|anch  ┆ 399.1    ┆ 345.4    ┆ 0.535 ┆ 0.61      ┆ 0.619    ┆ 0.629 ┆ 1.0       │
│ none|missing|free  ┆ 33.9     ┆ 28.7     ┆ 0.508 ┆ 0.585     ┆ 0.599    ┆ 0.604 ┆ 1.0       │
│ none|near|anch     ┆ 19.6     ┆ 23.6     ┆ 0.925 ┆ 0.902     ┆ 0.771    ┆ 0.889 ┆ 1.0       │
│ word|far|anch      ┆ 86.2     ┆ 110.1    ┆ 0.905 ┆ 0.766     ┆ 0.709    ┆ 0.731 ┆ 1.0       │
│ word|far|free      ┆ 28.4     ┆ 30.1     ┆ 0.929 ┆ 0.871     ┆ 0.877    ┆ 0.854 ┆ 1.0       │
│ word|missing|anch  ┆ 218.6    ┆ 212.5    ┆ 0.467 ┆ 0.491     ┆ 0.481    ┆ 0.495 ┆ 1.0       │
│ word|missing|free  ┆ 16.5     ┆ 16.9     ┆ 0.478 ┆ 0.501     ┆ 0.466    ┆ 0.505 ┆ 1.0       │
│ word|near|anch     ┆ 13.9     ┆ 58.9     ┆ 0.717 ┆ 0.305     ┆ 0.17     ┆ 0.181 ┆ 0.081     │
│ word|same|anch     ┆ 899.3    ┆ 906.1    ┆ 0.981 ┆ 0.98      ┆ 0.974    ┆ 0.98  ┆ 1.0       │
│ word|same|free     ┆ 54.3     ┆ 54.2     ┆ 0.967 ┆ 0.969     ┆ 0.968    ┆ 0.97  ┆ 1.0       │
└────────────────────┴──────────┴──────────┴───────┴───────────┴──────────┴───────┴───────────┘
   expected F0.5 under corrected p: old selection 0.98848 -> new 0.98934
TEST US: selections removed 10.5/1k S1, added 0.1/1k; matches/S1 3.390 -> 3.379; mean corrected p of removed 0.458

######## TEST India  (S1 809,951)
shape: (20, 8)
┌────────────────────┬──────────┬──────────┬───────┬───────────┬──────────┬───────┬───────────┐
│ cell               ┆ per1k_tr ┆ per1k_te ┆ pi_tr ┆ mean_p_te ┆ pi_ratio ┆ pi_em ┆ odds_mult │
│ ---                ┆ ---      ┆ ---      ┆ ---   ┆ ---       ┆ ---      ┆ ---   ┆ ---       │
│ str                ┆ f64      ┆ f64      ┆ f64   ┆ f64       ┆ f64      ┆ f64   ┆ f64       │
╞════════════════════╪══════════╪══════════╪═══════╪═══════════╪══════════╪═══════╪═══════════╡
│ legal|far|anch     ┆ 40.0     ┆ 42.4     ┆ 0.968 ┆ 0.932     ┆ 0.914    ┆ 0.92  ┆ 1.0       │
│ legal|far|free     ┆ 22.7     ┆ 23.0     ┆ 0.985 ┆ 0.965     ┆ 0.969    ┆ 0.955 ┆ 1.0       │
│ legal|missing|anch ┆ 70.8     ┆ 68.2     ┆ 0.241 ┆ 0.24      ┆ 0.251    ┆ 0.24  ┆ 1.0       │
│ legal|missing|free ┆ 46.3     ┆ 47.3     ┆ 0.713 ┆ 0.713     ┆ 0.698    ┆ 0.713 ┆ 1.0       │
│ legal|same|anch    ┆ 211.3    ┆ 211.7    ┆ 0.997 ┆ 0.993     ┆ 0.995    ┆ 0.99  ┆ 1.0       │
│ none|far|anch      ┆ 223.7    ┆ 227.4    ┆ 0.974 ┆ 0.957     ┆ 0.959    ┆ 0.953 ┆ 1.0       │
│ none|far|free      ┆ 121.1    ┆ 122.6    ┆ 0.987 ┆ 0.976     ┆ 0.975    ┆ 0.973 ┆ 1.0       │
│ none|missing|anch  ┆ 289.6    ┆ 263.3    ┆ 0.26  ┆ 0.276     ┆ 0.286    ┆ 0.282 ┆ 1.0       │
│ none|missing|free  ┆ 231.0    ┆ 228.5    ┆ 0.78  ┆ 0.788     ┆ 0.788    ┆ 0.789 ┆ 1.0       │
│ none|near|anch     ┆ 41.7     ┆ 45.8     ┆ 0.951 ┆ 0.893     ┆ 0.865    ┆ 0.879 ┆ 1.0       │
│ none|near|free     ┆ 22.0     ┆ 22.4     ┆ 0.977 ┆ 0.954     ┆ 0.959    ┆ 0.947 ┆ 1.0       │
│ none|same|anch     ┆ 1169.7   ┆ 1168.3   ┆ 0.998 ┆ 0.996     ┆ 0.999    ┆ 0.995 ┆ 1.0       │
│ none|same|free     ┆ 86.7     ┆ 87.3     ┆ 0.994 ┆ 0.991     ┆ 0.986    ┆ 0.99  ┆ 1.0       │
│ word|far|anch      ┆ 129.2    ┆ 134.4    ┆ 0.951 ┆ 0.907     ┆ 0.915    ┆ 0.893 ┆ 1.0       │
│ word|far|free      ┆ 71.2     ┆ 72.7     ┆ 0.965 ┆ 0.94      ┆ 0.944    ┆ 0.931 ┆ 1.0       │
│ word|missing|anch  ┆ 119.8    ┆ 93.8     ┆ 0.295 ┆ 0.345     ┆ 0.377    ┆ 0.366 ┆ 1.0       │
│ word|missing|free  ┆ 136.2    ┆ 132.7    ┆ 0.798 ┆ 0.821     ┆ 0.819    ┆ 0.825 ┆ 1.0       │
│ word|near|anch     ┆ 25.5     ┆ 32.7     ┆ 0.861 ┆ 0.723     ┆ 0.673    ┆ 0.68  ┆ 1.0       │
│ word|same|anch     ┆ 736.2    ┆ 738.1    ┆ 0.978 ┆ 0.972     ┆ 0.976    ┆ 0.97  ┆ 1.0       │
│ word|same|free     ┆ 54.3     ┆ 54.5     ┆ 0.957 ┆ 0.951     ┆ 0.953    ┆ 0.949 ┆ 1.0       │
└────────────────────┴──────────┴──────────┴───────┴───────────┴──────────┴───────┴───────────┘
   expected F0.5 under corrected p: old selection 0.99228 -> new 0.99228
TEST India: selections removed 0.0/1k S1, added 0.0/1k; matches/S1 3.337 -> 3.337; mean corrected p of removed 0.000

######## TEST France  (S1 259,405)
shape: (17, 8)
┌────────────────────┬──────────┬──────────┬───────┬───────────┬──────────┬───────┬───────────┐
│ cell               ┆ per1k_tr ┆ per1k_te ┆ pi_tr ┆ mean_p_te ┆ pi_ratio ┆ pi_em ┆ odds_mult │
│ ---                ┆ ---      ┆ ---      ┆ ---   ┆ ---       ┆ ---      ┆ ---   ┆ ---       │
│ str                ┆ null     ┆ f64      ┆ f64   ┆ f64       ┆ null     ┆ f64   ┆ f64       │
╞════════════════════╪══════════╪══════════╪═══════╪═══════════╪══════════╪═══════╪═══════════╡
│ legal|far|anch     ┆ null     ┆ 25.9     ┆ 0.875 ┆ 0.225     ┆ null     ┆ 0.021 ┆ 1.0       │
│ legal|missing|anch ┆ null     ┆ 63.5     ┆ 0.331 ┆ 0.288     ┆ null     ┆ 0.272 ┆ 1.0       │
│ legal|near|anch    ┆ null     ┆ 58.4     ┆ 0.502 ┆ 0.263     ┆ null     ┆ 0.08  ┆ 1.0       │
│ legal|same|anch    ┆ null     ┆ 209.0    ┆ 0.997 ┆ 0.92      ┆ null     ┆ 0.741 ┆ 1.0       │
│ legal|same|free    ┆ null     ┆ 9.8      ┆ 0.989 ┆ 0.875     ┆ null     ┆ 0.717 ┆ 1.0       │
│ none|far|anch      ┆ null     ┆ 63.9     ┆ 0.982 ┆ 0.468     ┆ null     ┆ 0.239 ┆ 1.0       │
│ none|far|free      ┆ null     ┆ 10.8     ┆ 0.99  ┆ 0.659     ┆ null     ┆ 0.509 ┆ 1.0       │
│ none|missing|anch  ┆ null     ┆ 342.0    ┆ 0.446 ┆ 0.564     ┆ null     ┆ 0.617 ┆ 1.0       │
│ none|missing|free  ┆ null     ┆ 48.0     ┆ 0.73  ┆ 0.707     ┆ null     ┆ 0.702 ┆ 1.0       │
│ none|near|anch     ┆ null     ┆ 28.4     ┆ 0.94  ┆ 0.501     ┆ null     ┆ 0.265 ┆ 1.0       │
│ none|same|free     ┆ null     ┆ 82.4     ┆ 0.997 ┆ 0.989     ┆ null     ┆ 0.981 ┆ 1.0       │
│ word|far|anch      ┆ null     ┆ 48.1     ┆ 0.928 ┆ 0.221     ┆ null     ┆ 0.066 ┆ 1.0       │
│ word|missing|anch  ┆ null     ┆ 128.1    ┆ 0.421 ┆ 0.374     ┆ null     ┆ 0.358 ┆ 1.0       │
│ word|missing|free  ┆ null     ┆ 18.2     ┆ 0.749 ┆ 0.54      ┆ null     ┆ 0.486 ┆ 1.0       │
│ word|near|anch     ┆ null     ┆ 85.8     ┆ 0.797 ┆ 0.187     ┆ null     ┆ 0.015 ┆ 0.081     │
│ word|same|anch     ┆ null     ┆ 987.9    ┆ 0.98  ┆ 0.829     ┆ null     ┆ 0.688 ┆ 1.0       │
│ word|same|free     ┆ null     ┆ 48.6     ┆ 0.963 ┆ 0.751     ┆ null     ┆ 0.595 ┆ 1.0       │
└────────────────────┴──────────┴──────────┴───────┴───────────┴──────────┴───────┴───────────┘
   expected F0.5 under corrected p: old selection 0.98006 -> new 0.98043
TEST France: selections removed 3.6/1k S1, added 0.2/1k; matches/S1 3.266 -> 3.263; mean corrected p of removed 0.407
wrote artifacts/oof/test_blend_v7_ce1s_cs.parquet
