India train cells done
US train cells done

######## TEST US  (S1 663,043)
shape: (20, 8)
┌────────────────────┬──────────┬──────────┬───────┬───────────┬──────────┬───────┬───────────┐
│ cell               ┆ per1k_tr ┆ per1k_te ┆ pi_tr ┆ mean_p_te ┆ pi_ratio ┆ pi_em ┆ odds_mult │
│ ---                ┆ ---      ┆ ---      ┆ ---   ┆ ---       ┆ ---      ┆ ---   ┆ ---       │
│ str                ┆ f64      ┆ f64      ┆ f64   ┆ f64       ┆ f64      ┆ f64   ┆ f64       │
╞════════════════════╪══════════╪══════════╪═══════╪═══════════╪══════════╪═══════╪═══════════╡
│ legal|far|anch     ┆ 37.4     ┆ 115.9    ┆ 0.717 ┆ 0.522     ┆ 0.231    ┆ 0.371 ┆ 0.119     │
│ legal|far|free     ┆ 11.6     ┆ 19.6     ┆ 0.729 ┆ 0.622     ┆ 0.433    ┆ 0.559 ┆ 0.283     │
│ legal|missing|anch ┆ 98.0     ┆ 101.6    ┆ 0.442 ┆ 0.422     ┆ 0.426    ┆ 0.418 ┆ 1.0       │
│ legal|missing|free ┆ 8.9      ┆ 9.7      ┆ 0.419 ┆ 0.367     ┆ 0.386    ┆ 0.354 ┆ 1.0       │
│ legal|near|anch    ┆ 19.0     ┆ 174.8    ┆ 0.185 ┆ 0.441     ┆ 0.02     ┆ 0.843 ┆ 0.091     │
│ legal|same|anch    ┆ 269.9    ┆ 272.5    ┆ 0.992 ┆ 0.987     ┆ 0.983    ┆ 0.978 ┆ 1.0       │
│ legal|same|free    ┆ 16.9     ┆ 17.0     ┆ 0.98  ┆ 0.973     ┆ 0.973    ┆ 0.965 ┆ 1.0       │
│ none|far|anch      ┆ 139.3    ┆ 141.7    ┆ 0.986 ┆ 0.986     ┆ 0.969    ┆ 0.986 ┆ 1.0       │
│ none|far|free      ┆ 44.7     ┆ 44.1     ┆ 0.99  ┆ 0.991     ┆ 1.003    ┆ 0.991 ┆ 1.0       │
│ none|missing|anch  ┆ 386.3    ┆ 357.8    ┆ 0.548 ┆ 0.6       ┆ 0.592    ┆ 0.614 ┆ 1.0       │
│ none|missing|free  ┆ 37.2     ┆ 34.0     ┆ 0.468 ┆ 0.531     ┆ 0.511    ┆ 0.55  ┆ 1.0       │
│ none|near|anch     ┆ 20.4     ┆ 23.8     ┆ 0.907 ┆ 0.915     ┆ 0.775    ┆ 0.923 ┆ 1.0       │
│ word|far|anch      ┆ 99.4     ┆ 138.1    ┆ 0.778 ┆ 0.645     ┆ 0.56     ┆ 0.603 ┆ 0.363     │
│ word|far|free      ┆ 32.1     ┆ 35.7     ┆ 0.812 ┆ 0.761     ┆ 0.73     ┆ 0.745 ┆ 1.0       │
│ word|missing|anch  ┆ 205.9    ┆ 215.3    ┆ 0.492 ┆ 0.489     ┆ 0.471    ┆ 0.488 ┆ 1.0       │
│ word|missing|free  ┆ 18.4     ┆ 19.6     ┆ 0.445 ┆ 0.455     ┆ 0.417    ┆ 0.458 ┆ 1.0       │
│ word|near|anch     ┆ 30.8     ┆ 112.5    ┆ 0.329 ┆ 0.26      ┆ 0.09     ┆ 0.206 ┆ 0.202     │
│ word|near|free     ┆ 6.4      ┆ 11.0     ┆ 0.458 ┆ 0.366     ┆ 0.264    ┆ 0.321 ┆ 0.426     │
│ word|same|anch     ┆ 914.7    ┆ 935.3    ┆ 0.962 ┆ 0.953     ┆ 0.941    ┆ 0.948 ┆ 1.0       │
│ word|same|free     ┆ 58.6     ┆ 58.9     ┆ 0.925 ┆ 0.925     ┆ 0.92     ┆ 0.924 ┆ 1.0       │
└────────────────────┴──────────┴──────────┴───────┴───────────┴──────────┴───────┴───────────┘
   expected F0.5 under corrected p: old selection 0.97833 -> new 0.98320
TEST US: selections removed 66.7/1k S1, added 0.2/1k; matches/S1 3.440 -> 3.374; mean corrected p of removed 0.464

######## TEST India  (S1 809,951)
shape: (23, 8)
┌────────────────────┬──────────┬──────────┬───────┬───────────┬──────────┬───────┬───────────┐
│ cell               ┆ per1k_tr ┆ per1k_te ┆ pi_tr ┆ mean_p_te ┆ pi_ratio ┆ pi_em ┆ odds_mult │
│ ---                ┆ ---      ┆ ---      ┆ ---   ┆ ---       ┆ ---      ┆ ---   ┆ ---       │
│ str                ┆ f64      ┆ f64      ┆ f64   ┆ f64       ┆ f64      ┆ f64   ┆ f64       │
╞════════════════════╪══════════╪══════════╪═══════╪═══════════╪══════════╪═══════╪═══════════╡
│ legal|far|anch     ┆ 41.7     ┆ 47.0     ┆ 0.905 ┆ 0.869     ┆ 0.803    ┆ 0.854 ┆ 1.0       │
│ legal|far|free     ┆ 23.8     ┆ 24.6     ┆ 0.944 ┆ 0.924     ┆ 0.913    ┆ 0.915 ┆ 1.0       │
│ legal|missing|anch ┆ 65.3     ┆ 60.5     ┆ 0.257 ┆ 0.27      ┆ 0.277    ┆ 0.275 ┆ 1.0       │
│ legal|missing|free ┆ 48.6     ┆ 49.1     ┆ 0.692 ┆ 0.699     ┆ 0.685    ┆ 0.7   ┆ 1.0       │
│ legal|near|anch    ┆ 9.3      ┆ 14.0     ┆ 0.75  ┆ 0.675     ┆ 0.498    ┆ 0.638 ┆ 0.332     │
│ legal|same|anch    ┆ 210.9    ┆ 214.9    ┆ 0.987 ┆ 0.978     ┆ 0.969    ┆ 0.971 ┆ 1.0       │
│ legal|same|free    ┆ 16.2     ┆ 16.0     ┆ 0.96  ┆ 0.956     ┆ 0.972    ┆ 0.954 ┆ 1.0       │
│ none|far|anch      ┆ 229.8    ┆ 238.9    ┆ 0.939 ┆ 0.913     ┆ 0.903    ┆ 0.907 ┆ 1.0       │
│ none|far|free      ┆ 125.1    ┆ 127.6    ┆ 0.968 ┆ 0.95      ┆ 0.949    ┆ 0.945 ┆ 1.0       │
│ none|missing|anch  ┆ 254.2    ┆ 241.6    ┆ 0.289 ┆ 0.304     ┆ 0.304    ┆ 0.309 ┆ 1.0       │
│ none|missing|free  ┆ 233.6    ┆ 233.9    ┆ 0.771 ┆ 0.775     ┆ 0.77     ┆ 0.776 ┆ 1.0       │
│ none|near|anch     ┆ 43.8     ┆ 49.6     ┆ 0.904 ┆ 0.833     ┆ 0.799    ┆ 0.815 ┆ 1.0       │
│ none|near|free     ┆ 22.4     ┆ 23.7     ┆ 0.953 ┆ 0.917     ┆ 0.901    ┆ 0.906 ┆ 1.0       │
│ none|same|anch     ┆ 1167.0   ┆ 1170.6   ┆ 0.995 ┆ 0.99      ┆ 0.992    ┆ 0.987 ┆ 1.0       │
│ none|same|free     ┆ 92.0     ┆ 92.5     ┆ 0.988 ┆ 0.979     ┆ 0.982    ┆ 0.976 ┆ 1.0       │
│ word|far|anch      ┆ 161.2    ┆ 178.4    ┆ 0.748 ┆ 0.713     ┆ 0.676    ┆ 0.701 ┆ 1.0       │
│ word|far|free      ┆ 84.9     ┆ 87.0     ┆ 0.825 ┆ 0.807     ┆ 0.805    ┆ 0.8   ┆ 1.0       │
│ word|missing|anch  ┆ 106.5    ┆ 85.8     ┆ 0.324 ┆ 0.376     ┆ 0.402    ┆ 0.4   ┆ 1.0       │
│ word|missing|free  ┆ 152.2    ┆ 152.1    ┆ 0.715 ┆ 0.736     ┆ 0.716    ┆ 0.742 ┆ 1.0       │
│ word|near|anch     ┆ 47.2     ┆ 67.8     ┆ 0.458 ┆ 0.439     ┆ 0.319    ┆ 0.431 ┆ 0.554     │
│ word|near|free     ┆ 18.8     ┆ 20.2     ┆ 0.674 ┆ 0.647     ┆ 0.627    ┆ 0.637 ┆ 1.0       │
│ word|same|anch     ┆ 778.3    ┆ 788.4    ┆ 0.923 ┆ 0.911     ┆ 0.911    ┆ 0.906 ┆ 1.0       │
│ word|same|free     ┆ 65.3     ┆ 65.1     ┆ 0.846 ┆ 0.855     ┆ 0.849    ┆ 0.858 ┆ 1.0       │
└────────────────────┴──────────┴──────────┴───────┴───────────┴──────────┴───────┴───────────┘
   expected F0.5 under corrected p: old selection 0.98250 -> new 0.98257
TEST India: selections removed 3.0/1k S1, added 0.0/1k; matches/S1 3.331 -> 3.328; mean corrected p of removed 0.661

######## TEST France  (S1 259,405)
shape: (21, 8)
┌────────────────────┬──────────┬──────────┬───────┬───────────┬──────────┬───────┬───────────┐
│ cell               ┆ per1k_tr ┆ per1k_te ┆ pi_tr ┆ mean_p_te ┆ pi_ratio ┆ pi_em ┆ odds_mult │
│ ---                ┆ ---      ┆ ---      ┆ ---   ┆ ---       ┆ ---      ┆ ---   ┆ ---       │
│ str                ┆ null     ┆ f64      ┆ f64   ┆ f64       ┆ null     ┆ f64   ┆ f64       │
╞════════════════════╪══════════╪══════════╪═══════╪═══════════╪══════════╪═══════╪═══════════╡
│ legal|far|anch     ┆ null     ┆ 43.5     ┆ 0.797 ┆ 0.327     ┆ null     ┆ 0.032 ┆ 1.0       │
│ legal|missing|anch ┆ null     ┆ 54.9     ┆ 0.385 ┆ 0.333     ┆ null     ┆ 0.315 ┆ 1.0       │
│ legal|missing|free ┆ null     ┆ 8.6      ┆ 0.634 ┆ 0.465     ┆ null     ┆ 0.414 ┆ 1.0       │
│ legal|near|anch    ┆ null     ┆ 90.9     ┆ 0.324 ┆ 0.389     ┆ null     ┆ 0.464 ┆ 0.091     │
│ legal|same|anch    ┆ null     ┆ 203.5    ┆ 0.991 ┆ 0.918     ┆ null     ┆ 0.8   ┆ 1.0       │
│ legal|same|free    ┆ null     ┆ 10.1     ┆ 0.972 ┆ 0.861     ┆ null     ┆ 0.757 ┆ 1.0       │
│ none|far|anch      ┆ null     ┆ 68.4     ┆ 0.961 ┆ 0.432     ┆ null     ┆ 0.235 ┆ 1.0       │
│ none|far|free      ┆ null     ┆ 12.1     ┆ 0.976 ┆ 0.598     ┆ null     ┆ 0.463 ┆ 1.0       │
│ none|missing|anch  ┆ null     ┆ 328.9    ┆ 0.469 ┆ 0.583     ┆ null     ┆ 0.629 ┆ 1.0       │
│ none|missing|free  ┆ null     ┆ 48.3     ┆ 0.713 ┆ 0.714     ┆ null     ┆ 0.715 ┆ 1.0       │
│ none|near|anch     ┆ null     ┆ 29.0     ┆ 0.905 ┆ 0.435     ┆ null     ┆ 0.233 ┆ 1.0       │
│ none|same|anch     ┆ null     ┆ 1881.4   ┆ 0.998 ┆ 0.992     ┆ null     ┆ 0.987 ┆ 1.0       │
│ none|same|free     ┆ null     ┆ 83.9     ┆ 0.994 ┆ 0.982     ┆ null     ┆ 0.974 ┆ 1.0       │
│ word|far|anch      ┆ null     ┆ 123.2    ┆ 0.763 ┆ 0.185     ┆ null     ┆ 0.031 ┆ 1.0       │
│ word|far|free      ┆ null     ┆ 12.9     ┆ 0.82  ┆ 0.274     ┆ null     ┆ 0.115 ┆ 1.0       │
│ word|missing|anch  ┆ null     ┆ 123.7    ┆ 0.449 ┆ 0.424     ┆ null     ┆ 0.414 ┆ 1.0       │
│ word|missing|free  ┆ null     ┆ 22.9     ┆ 0.674 ┆ 0.52      ┆ null     ┆ 0.461 ┆ 1.0       │
│ word|near|anch     ┆ null     ┆ 280.2    ┆ 0.394 ┆ 0.2       ┆ null     ┆ 0.033 ┆ 0.202     │
│ word|near|free     ┆ null     ┆ 20.5     ┆ 0.601 ┆ 0.198     ┆ null     ┆ 0.031 ┆ 1.0       │
│ word|same|anch     ┆ null     ┆ 1044.3   ┆ 0.948 ┆ 0.821     ┆ null     ┆ 0.713 ┆ 1.0       │
│ word|same|free     ┆ null     ┆ 55.6     ┆ 0.891 ┆ 0.719     ┆ null     ┆ 0.602 ┆ 1.0       │
└────────────────────┴──────────┴──────────┴───────┴───────────┴──────────┴───────┴───────────┘
   expected F0.5 under corrected p: old selection 0.97052 -> new 0.97259
TEST France: selections removed 27.2/1k S1, added 0.4/1k; matches/S1 3.347 -> 3.320; mean corrected p of removed 0.460
wrote artifacts/oof/test_blend_v7_qv_cs.parquet
