C:\Users\L Melvin Denish\AppData\Roaming\Python\Python314\site-packages\modal\_utils\async_utils.py:43: DeprecationWarning: 'asyncio.WindowsSelectorEventLoopPolicy' is deprecated and slated for removal in Python 3.16
  asyncio.set_event_loop_policy(asyncio.WindowsSelectorEventLoopPolicy())
C:\Users\L Melvin Denish\AppData\Roaming\Python\Python314\site-packages\modal\_utils\async_utils.py:43: DeprecationWarning: 'asyncio.set_event_loop_policy' is deprecated and slated for removal in Python 3.16
  asyncio.set_event_loop_policy(asyncio.WindowsSelectorEventLoopPolicy())
Note that running a local entrypoint in detached mode only keeps the last triggered Modal function alive after the parent process has been killed or disconnected.
✓ Initialized. View run at 
https://modal.com/apps/lmelvindenish/main/ap-8nrDeoxITanDCgOJBcBnTV
✓ Created objects.
├── 🔨 Created mount C:\Users\L Melvin 
│   Denish\Amazon_ML\work\aws_job\modal_ce.py
└── 🔨 Created function run.
[xlmrlfr2] NVIDIA A100-SXM4-80GB train pairs 988,221 (8s)
/usr/local/lib/python3.11/site-packages/transformers/tokenization_utils_base.py:1601: FutureWarning: `clean_up_tokenization_spaces` was not set. It will be set to `True` by default. This behavior will be depracted in transformers v4.45, and will be then set to `False` by default. For more details check this issue: https://github.com/huggingface/transformers/issues/31884
  warnings.warn(
Some weights of XLMRobertaForSequenceClassification were not initialized from the model checkpoint at xlm-roberta-large and are newly initialized: ['classifier.dense.bias', 'classifier.dense.weight', 'classifier.out_proj.bias', 'classifier.out_proj.weight']
You should probably TRAIN this model on a down-stream task to be able to use it for predictions and inference.
[xlmrlfr2] step 1000/15441 loss 0.2009 180s
[xlmrlfr2] step 2000/15441 loss 0.1452 338s
[xlmrlfr2] step 3000/15441 loss 0.0758 494s
[xlmrlfr2] step 4000/15441 loss 0.1147 652s
[xlmrlfr2] step 5000/15441 loss 0.1628 809s
[xlmrlfr2] step 6000/15441 loss 0.0786 966s
[xlmrlfr2] step 7000/15441 loss 0.0702 1122s
[xlmrlfr2] step 8000/15441 loss 0.1143 1279s
[xlmrlfr2] step 9000/15441 loss 0.1267 1437s
[xlmrlfr2] step 10000/15441 loss 0.1634 1594s
[xlmrlfr2] step 11000/15441 loss 0.1443 1751s
[xlmrlfr2] step 12000/15441 loss 0.4043 1908s
[xlmrlfr2] step 13000/15441 loss 0.0956 2066s
[xlmrlfr2] step 14000/15441 loss 0.0869 2223s
[xlmrlfr2] step 15000/15441 loss 0.1531 2382s
[xlmrlfr2] eval logloss 0.1640
[xlmrlfr2] uploaded eval 411,798 2656s
[xlmrlfr2] uploaded test 636,223 3020s
xlmrlfr2 done: eval logloss 0.1640
✓ App completed. View run at 
https://modal.com/apps/lmelvindenish/main/ap-8nrDeoxITanDCgOJBcBnTV
