C:\Users\L Melvin Denish\AppData\Roaming\Python\Python314\site-packages\modal\_utils\async_utils.py:43: DeprecationWarning: 'asyncio.WindowsSelectorEventLoopPolicy' is deprecated and slated for removal in Python 3.16
  asyncio.set_event_loop_policy(asyncio.WindowsSelectorEventLoopPolicy())
C:\Users\L Melvin Denish\AppData\Roaming\Python\Python314\site-packages\modal\_utils\async_utils.py:43: DeprecationWarning: 'asyncio.set_event_loop_policy' is deprecated and slated for removal in Python 3.16
  asyncio.set_event_loop_policy(asyncio.WindowsSelectorEventLoopPolicy())
Note that running a local entrypoint in detached mode only keeps the last triggered Modal function alive after the parent process has been killed or disconnected.
✓ Initialized. View run at 
https://modal.com/apps/lmelvindenish/main/ap-iScz45ownOZzjrBF74yLII
✓ Created objects.
├── 🔨 Created mount C:\Users\L Melvin 
│   Denish\Amazon_ML\work\aws_job\modal_ce.py
└── 🔨 Created function run.
[mdebf] NVIDIA A100-SXM4-80GB train pairs 1,519,873 (23s)
/usr/local/lib/python3.11/site-packages/transformers/tokenization_utils_base.py:1601: FutureWarning: `clean_up_tokenization_spaces` was not set. It will be set to `True` by default. This behavior will be depracted in transformers v4.45, and will be then set to `False` by default. For more details check this issue: https://github.com/huggingface/transformers/issues/31884
  warnings.warn(
/usr/local/lib/python3.11/site-packages/transformers/convert_slow_tokenizer.py:551: UserWarning: The sentencepiece tokenizer that you are converting to a fast tokenizer uses the byte fallback option which is not implemented in the fast tokenizers. In practice this means that the fast version of the tokenizer can produce unknown tokens whereas the sentencepiece version would have converted these unknown tokens into a sequence of byte tokens matching the original piece of text.
  warnings.warn(
Some weights of DebertaV2ForSequenceClassification were not initialized from the model checkpoint at microsoft/mdeberta-v3-base and are newly initialized: ['classifier.bias', 'classifier.weight', 'pooler.dense.bias', 'pooler.dense.weight']
You should probably TRAIN this model on a down-stream task to be able to use it for predictions and inference.
[mdebf] step 1000/23749 loss 0.3645 139s
[mdebf] step 2000/23749 loss 0.1840 241s
[mdebf] step 3000/23749 loss 0.1118 342s
[mdebf] step 4000/23749 loss 0.1387 443s
[mdebf] step 5000/23749 loss 0.2466 544s
[mdebf] step 6000/23749 loss 0.1981 644s
[mdebf] step 7000/23749 loss 0.1658 745s
[mdebf] step 8000/23749 loss 0.2535 846s
[mdebf] step 9000/23749 loss 0.2247 947s
[mdebf] step 10000/23749 loss 0.1648 1048s
[mdebf] step 11000/23749 loss 0.1742 1149s
[mdebf] step 12000/23749 loss 0.2082 1251s
[mdebf] step 13000/23749 loss 0.1211 1352s
[mdebf] step 14000/23749 loss 0.1395 1452s
[mdebf] step 15000/23749 loss 0.1276 1553s
[mdebf] step 16000/23749 loss 0.3159 1655s
[mdebf] step 17000/23749 loss 0.2752 1757s
[mdebf] step 18000/23749 loss 0.3090 1858s
[mdebf] step 19000/23749 loss 0.1092 1960s
[mdebf] step 20000/23749 loss 0.3242 2060s
[mdebf] step 21000/23749 loss 0.1609 2161s
[mdebf] step 22000/23749 loss 0.1540 2263s
[mdebf] step 23000/23749 loss 0.1829 2364s
[mdebf] eval logloss 0.1515
[mdebf] uploaded eval 411,798 2616s
[mdebf] eval_x logloss 0.1414
[mdebf] uploaded eval_x 67,227 2642s
[mdebf] uploaded test_x 401,923 2911s
[mdebf] uploaded test 3,545,879 4006s
mdebf done: eval logloss 0.1515; eval_x logloss 0.1414
✓ App completed. View run at 
https://modal.com/apps/lmelvindenish/main/ap-iScz45ownOZzjrBF74yLII
