C:\Users\L Melvin Denish\AppData\Roaming\Python\Python314\site-packages\modal\_utils\async_utils.py:43: DeprecationWarning: 'asyncio.WindowsSelectorEventLoopPolicy' is deprecated and slated for removal in Python 3.16
  asyncio.set_event_loop_policy(asyncio.WindowsSelectorEventLoopPolicy())
C:\Users\L Melvin Denish\AppData\Roaming\Python\Python314\site-packages\modal\_utils\async_utils.py:43: DeprecationWarning: 'asyncio.set_event_loop_policy' is deprecated and slated for removal in Python 3.16
  asyncio.set_event_loop_policy(asyncio.WindowsSelectorEventLoopPolicy())
Note that running a local entrypoint in detached mode only keeps the last triggered Modal function alive after the parent process has been killed or disconnected.
✓ Initialized. View run at 
https://modal.com/apps/lmelvindenish/main/ap-uI75S5RS0UzcXIFs96lPlc
✓ Created objects.
├── 🔨 Created mount C:\Users\L Melvin 
│   Denish\Amazon_ML\work\aws_job\modal_ce.py
└── 🔨 Created function run.
[deblfr] NVIDIA A100 80GB PCIe train pairs 1,875,307 (29s)
/usr/local/lib/python3.11/site-packages/transformers/tokenization_utils_base.py:1601: FutureWarning: `clean_up_tokenization_spaces` was not set. It will be set to `True` by default. This behavior will be depracted in transformers v4.45, and will be then set to `False` by default. For more details check this issue: https://github.com/huggingface/transformers/issues/31884
  warnings.warn(
/usr/local/lib/python3.11/site-packages/transformers/convert_slow_tokenizer.py:551: UserWarning: The sentencepiece tokenizer that you are converting to a fast tokenizer uses the byte fallback option which is not implemented in the fast tokenizers. In practice this means that the fast version of the tokenizer can produce unknown tokens whereas the sentencepiece version would have converted these unknown tokens into a sequence of byte tokens matching the original piece of text.
  warnings.warn(
Some weights of DebertaV2ForSequenceClassification were not initialized from the model checkpoint at microsoft/deberta-v3-large and are newly initialized: ['classifier.bias', 'classifier.weight', 'pooler.dense.bias', 'pooler.dense.weight']
You should probably TRAIN this model on a down-stream task to be able to use it for predictions and inference.
[deblfr] step 1000/29302 loss 0.3231 305s
[deblfr] step 2000/29302 loss 0.2750 561s
[deblfr] step 3000/29302 loss 0.1912 817s
[deblfr] step 4000/29302 loss 0.1929 1074s
Stopping app - user stopped from CLI.
┌───────────────────── Traceback (most recent call last) ─────────────────────┐
│ C:\Users\L Melvin Denish\Amazon_ML\work\aws_job\modal_ce.py:110 in main     │
│                                                                             │
│   109 │   u = json.load(open(urls))                                         │
│ > 110 │   print(run.remote(tag, model, u, lr, bs, bool(fr), epochs))        │
│   111                                                                       │
│                                                                             │
│ C:\Users\L Melvin                                                           │
│ Denish\AppData\Roaming\Python\Python314\site-packages\modal\_object.py:46   │
│ in wrapped                                                                  │
│                                                                             │
│    45 │   │   await self.hydrate()                                          │
│ >  46 │   │   return await method(self, *args, **kwargs)                    │
│    47                                                                       │
│                                                                             │
│ C:\Users\L Melvin                                                           │
│ Denish\AppData\Roaming\Python\Python314\site-packages\modal\_functions.py:1 │
│ 893 in remote                                                               │
│                                                                             │
│   1892 │   │                                                                │
│ > 1893 │   │   return await self._call_function(args, kwargs)               │
│   1894                                                                      │
│                                                                             │
│ C:\Users\L Melvin                                                           │
│ Denish\AppData\Roaming\Python\Python314\site-packages\modal\_functions.py:1 │
│ 830 in _call_function                                                       │
│                                                                             │
│   1829 │   │                                                                │
│ > 1830 │   │   return await invocation.run_function()                       │
│   1831                                                                      │
│                                                                             │
│ C:\Users\L Melvin                                                           │
│ Denish\AppData\Roaming\Python\Python314\site-packages\modal\_functions.py:4 │
│ 84 in run_function                                                          │
│                                                                             │
│    483 │   │   │   if await_response.output.result.status in TERMINAL_STATU │
│ >  484 │   │   │   │   return await _process_result(                        │
│    485 │   │   │   │   │   await_response.output.result, await_response.out │
│                                                                             │
│ C:\Users\L Melvin                                                           │
│ Denish\AppData\Roaming\Python\Python314\site-packages\modal\_utils\function │
│ _utils.py:574 in _process_result                                            │
│                                                                             │
│   573 │   │                                                                 │
│ > 574 │   │   raise RemoteError(result.exception)                           │
│   575                                                                       │
└─────────────────────────────────────────────────────────────────────────────┘
RemoteError
