C:\Users\L Melvin Denish\AppData\Roaming\Python\Python314\site-packages\modal\_utils\async_utils.py:43: DeprecationWarning: 'asyncio.WindowsSelectorEventLoopPolicy' is deprecated and slated for removal in Python 3.16
  asyncio.set_event_loop_policy(asyncio.WindowsSelectorEventLoopPolicy())
C:\Users\L Melvin Denish\AppData\Roaming\Python\Python314\site-packages\modal\_utils\async_utils.py:43: DeprecationWarning: 'asyncio.set_event_loop_policy' is deprecated and slated for removal in Python 3.16
  asyncio.set_event_loop_policy(asyncio.WindowsSelectorEventLoopPolicy())
Note that running a local entrypoint in detached mode only keeps the last triggered Modal function alive after the parent process has been killed or disconnected.
✓ Initialized. View run at 
https://modal.com/apps/lmelvindenish/main/ap-orRhg18KLnCaZULCrRxn2Z
Building image im-Mja2uCGFySnkQejZwKkBFQ

=> Step 0: FROM base

=> Step 1: RUN python -m pip install pandas protobuf pyarrow requests sentencepiece tiktoken torch==2.4.1 transformers==4.44.2
Looking in indexes: http://pypi-mirror.modal.local:5555/simple
Collecting pandas
  Downloading http://pypi-mirror.modal.local:5555/simple/pandas/pandas-3.0.6-cp311-cp311-manylinux_2_24_x86_64.manylinux_2_28_x86_64.whl.metadata (79 kB)
Collecting protobuf
  Downloading http://pypi-mirror.modal.local:5555/simple/protobuf/protobuf-7.36.2-cp310-abi3-manylinux2014_x86_64.whl.metadata (595 bytes)
Collecting pyarrow
  Downloading http://pypi-mirror.modal.local:5555/simple/pyarrow/pyarrow-25.0.1-cp311-cp311-manylinux_2_28_x86_64.whl.metadata (3.0 kB)
Collecting requests
  Downloading http://pypi-mirror.modal.local:5555/simple/requests/requests-2.34.2-py3-none-any.whl.metadata (4.8 kB)
Collecting sentencepiece
  Downloading http://pypi-mirror.modal.local:5555/simple/sentencepiece/sentencepiece-0.2.2-cp311-cp311-manylinux_2_27_x86_64.manylinux_2_28_x86_64.whl.metadata (33 kB)
Collecting tiktoken
  Downloading http://pypi-mirror.modal.local:5555/simple/tiktoken/tiktoken-0.14.0-cp311-cp311-manylinux_2_28_x86_64.whl.metadata (6.7 kB)
Collecting torch==2.4.1
  Downloading http://pypi-mirror.modal.local:5555/simple/torch/torch-2.4.1-cp311-cp311-manylinux1_x86_64.whl.metadata (26 kB)
Collecting transformers==4.44.2
  Downloading http://pypi-mirror.modal.local:5555/simple/transformers/transformers-4.44.2-py3-none-any.whl.metadata (43 kB)
Collecting filelock (from torch==2.4.1)
  Downloading http://pypi-mirror.modal.local:5555/simple/filelock/filelock-4.0.4-py3-none-any.whl.metadata (2.0 kB)
Collecting typing-extensions>=4.8.0 (from torch==2.4.1)
  Downloading http://pypi-mirror.modal.local:5555/simple/typing-extensions/typing_extensions-4.16.0-py3-none-any.whl.metadata (3.3 kB)
Collecting sympy (from torch==2.4.1)
  Downloading http://pypi-mirror.modal.local:5555/simple/sympy/sympy-1.14.0-py3-none-any.whl.metadata (12 kB)
Collecting networkx (from torch==2.4.1)
  Downloading http://pypi-mirror.modal.local:5555/simple/networkx/networkx-3.6.1-py3-none-any.whl.metadata (6.8 kB)
Collecting jinja2 (from torch==2.4.1)
  Downloading http://pypi-mirror.modal.local:5555/simple/jinja2/jinja2-3.1.6-py3-none-any.whl.metadata (2.9 kB)
Collecting fsspec (from torch==2.4.1)
  Downloading http://pypi-mirror.modal.local:5555/simple/fsspec/fsspec-2026.9.0-py3-none-any.whl.metadata (10 kB)
Collecting nvidia-cuda-nvrtc-cu12==12.1.105 (from torch==2.4.1)
  Downloading http://pypi-mirror.modal.local:5555/simple/nvidia-cuda-nvrtc-cu12/nvidia_cuda_nvrtc_cu12-12.1.105-py3-none-manylinux1_x86_64.whl.metadata (1.5 kB)
Collecting nvidia-cuda-runtime-cu12==12.1.105 (from torch==2.4.1)
  Downloading http://pypi-mirror.modal.local:5555/simple/nvidia-cuda-runtime-cu12/nvidia_cuda_runtime_cu12-12.1.105-py3-none-manylinux1_x86_64.whl.metadata (1.5 kB)
Collecting nvidia-cuda-cupti-cu12==12.1.105 (from torch==2.4.1)
  Downloading http://pypi-mirror.modal.local:5555/simple/nvidia-cuda-cupti-cu12/nvidia_cuda_cupti_cu12-12.1.105-py3-none-manylinux1_x86_64.whl.metadata (1.6 kB)
Collecting nvidia-cudnn-cu12==9.1.0.70 (from torch==2.4.1)
  Downloading http://pypi-mirror.modal.local:5555/simple/nvidia-cudnn-cu12/nvidia_cudnn_cu12-9.1.0.70-py3-none-manylinux2014_x86_64.whl.metadata (1.6 kB)
Collecting nvidia-cublas-cu12==12.1.3.1 (from torch==2.4.1)
  Downloading http://pypi-mirror.modal.local:5555/simple/nvidia-cublas-cu12/nvidia_cublas_cu12-12.1.3.1-py3-none-manylinux1_x86_64.whl.metadata (1.5 kB)
Collecting nvidia-cufft-cu12==11.0.2.54 (from torch==2.4.1)
  Downloading http://pypi-mirror.modal.local:5555/simple/nvidia-cufft-cu12/nvidia_cufft_cu12-11.0.2.54-py3-none-manylinux1_x86_64.whl.metadata (1.5 kB)
Collecting nvidia-curand-cu12==10.3.2.106 (from torch==2.4.1)
  Downloading http://pypi-mirror.modal.local:5555/simple/nvidia-curand-cu12/nvidia_curand_cu12-10.3.2.106-py3-none-manylinux1_x86_64.whl.metadata (1.5 kB)
Collecting nvidia-cusolver-cu12==11.4.5.107 (from torch==2.4.1)
  Downloading http://pypi-mirror.modal.local:5555/simple/nvidia-cusolver-cu12/nvidia_cusolver_cu12-11.4.5.107-py3-none-manylinux1_x86_64.whl.metadata (1.6 kB)
Collecting nvidia-cusparse-cu12==12.1.0.106 (from torch==2.4.1)
  Downloading http://pypi-mirror.modal.local:5555/simple/nvidia-cusparse-cu12/nvidia_cusparse_cu12-12.1.0.106-py3-none-manylinux1_x86_64.whl.metadata (1.6 kB)
Collecting nvidia-nccl-cu12==2.20.5 (from torch==2.4.1)
  Downloading http://pypi-mirror.modal.local:5555/simple/nvidia-nccl-cu12/nvidia_nccl_cu12-2.20.5-py3-none-manylinux2014_x86_64.whl.metadata (1.8 kB)
Collecting nvidia-nvtx-cu12==12.1.105 (from torch==2.4.1)
  Downloading http://pypi-mirror.modal.local:5555/simple/nvidia-nvtx-cu12/nvidia_nvtx_cu12-12.1.105-py3-none-manylinux1_x86_64.whl.metadata (1.7 kB)
Collecting triton==3.0.0 (from torch==2.4.1)
  Downloading http://pypi-mirror.modal.local:5555/simple/triton/triton-3.0.0-1-cp311-cp311-manylinux2014_x86_64.manylinux_2_17_x86_64.whl.metadata (1.3 kB)
Collecting huggingface-hub<1.0,>=0.23.2 (from transformers==4.44.2)
  Downloading http://pypi-mirror.modal.local:5555/simple/huggingface-hub/huggingface_hub-0.36.2-py3-none-any.whl.metadata (15 kB)
Collecting numpy>=1.17 (from transformers==4.44.2)
  Downloading http://pypi-mirror.modal.local:5555/simple/numpy/numpy-2.4.6-cp311-cp311-manylinux_2_27_x86_64.manylinux_2_28_x86_64.whl.metadata (6.6 kB)
Collecting packaging>=20.0 (from transformers==4.44.2)
  Downloading http://pypi-mirror.modal.local:5555/simple/packaging/packaging-26.3-py3-none-any.whl.metadata (3.5 kB)
Collecting pyyaml>=5.1 (from transformers==4.44.2)
  Downloading http://pypi-mirror.modal.local:5555/simple/pyyaml/pyyaml-6.0.3-cp311-cp311-manylinux2014_x86_64.manylinux_2_17_x86_64.manylinux_2_28_x86_64.whl.metadata (2.4 kB)
Collecting regex!=2019.12.17 (from transformers==4.44.2)
  Downloading http://pypi-mirror.modal.local:5555/simple/regex/regex-2026.9.10-cp311-cp311-manylinux2014_x86_64.manylinux_2_17_x86_64.manylinux_2_28_x86_64.whl.metadata (40 kB)
Collecting safetensors>=0.4.1 (from transformers==4.44.2)
  Downloading http://pypi-mirror.modal.local:5555/simple/safetensors/safetensors-0.8.0-cp310-abi3-manylinux_2_17_x86_64.manylinux2014_x86_64.whl.metadata (4.2 kB)
Collecting tokenizers<0.20,>=0.19 (from transformers==4.44.2)
  Downloading http://pypi-mirror.modal.local:5555/simple/tokenizers/tokenizers-0.19.1-cp311-cp311-manylinux_2_17_x86_64.manylinux2014_x86_64.whl.metadata (6.7 kB)
Collecting tqdm>=4.27 (from transformers==4.44.2)
  Downloading http://pypi-mirror.modal.local:5555/simple/tqdm/tqdm-4.70.1-py3-none-any.whl.metadata (57 kB)
Collecting nvidia-nvjitlink-cu12 (from nvidia-cusolver-cu12==11.4.5.107->torch==2.4.1)
  Downloading http://pypi-mirror.modal.local:5555/simple/nvidia-nvjitlink-cu12/nvidia_nvjitlink_cu12-12.9.86-py3-none-manylinux2010_x86_64.manylinux_2_12_x86_64.whl.metadata (1.7 kB)
Collecting hf-xet<2.0.0,>=1.1.3 (from huggingface-hub<1.0,>=0.23.2->transformers==4.44.2)
  Downloading http://pypi-mirror.modal.local:5555/simple/hf-xet/hf_xet-1.6.0-cp38-abi3-manylinux2014_x86_64.manylinux_2_17_x86_64.whl.metadata (4.9 kB)
Collecting python-dateutil>=2.8.2 (from pandas)
  Downloading http://pypi-mirror.modal.local:5555/simple/python-dateutil/python_dateutil-2.9.0.post0-py2.py3-none-any.whl.metadata (8.4 kB)
Collecting charset_normalizer<4,>=2 (from requests)
  Downloading http://pypi-mirror.modal.local:5555/simple/charset-normalizer/charset_normalizer-3.5.1-cp311-cp311-manylinux2014_x86_64.manylinux_2_17_x86_64.manylinux_2_28_x86_64.whl.metadata (45 kB)
Collecting idna<4,>=2.5 (from requests)
  Downloading http://pypi-mirror.modal.local:5555/simple/idna/idna-3.20-py3-none-any.whl.metadata (7.2 kB)
Collecting urllib3<3,>=1.26 (from requests)
  Downloading http://pypi-mirror.modal.local:5555/simple/urllib3/urllib3-2.8.0-py3-none-any.whl.metadata (7.4 kB)
Collecting certifi>=2023.5.7 (from requests)
  Downloading http://pypi-mirror.modal.local:5555/simple/certifi/certifi-2026.7.22-py3-none-any.whl.metadata (2.5 kB)
Collecting six>=1.5 (from python-dateutil>=2.8.2->pandas)
  Downloading http://pypi-mirror.modal.local:5555/simple/six/six-1.17.0-py2.py3-none-any.whl.metadata (1.7 kB)
Collecting MarkupSafe>=2.0 (from jinja2->torch==2.4.1)
  Downloading http://pypi-mirror.modal.local:5555/simple/markupsafe/markupsafe-3.0.3-cp311-cp311-manylinux2014_x86_64.manylinux_2_17_x86_64.manylinux_2_28_x86_64.whl.metadata (2.7 kB)
Collecting mpmath<1.4,>=1.1.0 (from sympy->torch==2.4.1)
  Downloading http://pypi-mirror.modal.local:5555/simple/mpmath/mpmath-1.3.0-py3-none-any.whl.metadata (8.6 kB)
Downloading http://pypi-mirror.modal.local:5555/simple/torch/torch-2.4.1-cp311-cp311-manylinux1_x86_64.whl (797.1 MB)
   ━━━━━━━━━━━━━━━━━━━━━━━━━━━━━━━━━━━━━━━━ 797.1/797.1 MB 167.3 MB/s  0:00:04
Downloading http://pypi-mirror.modal.local:5555/simple/transformers/transformers-4.44.2-py3-none-any.whl (9.5 MB)
   ━━━━━━━━━━━━━━━━━━━━━━━━━━━━━━━━━━━━━━━━ 9.5/9.5 MB 204.7 MB/s  0:00:00
Downloading http://pypi-mirror.modal.local:5555/simple/nvidia-cublas-cu12/nvidia_cublas_cu12-12.1.3.1-py3-none-manylinux1_x86_64.whl (410.6 MB)
   ━━━━━━━━━━━━━━━━━━━━━━━━━━━━━━━━━━━━━━━━ 410.6/410.6 MB 848.1 MB/s  0:00:00
Downloading http://pypi-mirror.modal.local:5555/simple/nvidia-cuda-cupti-cu12/nvidia_cuda_cupti_cu12-12.1.105-py3-none-manylinux1_x86_64.whl (14.1 MB)
   ━━━━━━━━━━━━━━━━━━━━━━━━━━━━━━━━━━━━━━━━ 14.1/14.1 MB 918.8 MB/s  0:00:00
Downloading http://pypi-mirror.modal.local:5555/simple/nvidia-cuda-nvrtc-cu12/nvidia_cuda_nvrtc_cu12-12.1.105-py3-none-manylinux1_x86_64.whl (23.7 MB)
   ━━━━━━━━━━━━━━━━━━━━━━━━━━━━━━━━━━━━━━━━ 23.7/23.7 MB 881.0 MB/s  0:00:00
Downloading http://pypi-mirror.modal.local:5555/simple/nvidia-cuda-runtime-cu12/nvidia_cuda_runtime_cu12-12.1.105-py3-none-manylinux1_x86_64.whl (823 kB)
   ━━━━━━━━━━━━━━━━━━━━━━━━━━━━━━━━━━━━━━━━ 823.6/823.6 kB 1.3 GB/s  0:00:00
Downloading http://pypi-mirror.modal.local:5555/simple/nvidia-cudnn-cu12/nvidia_cudnn_cu12-9.1.0.70-py3-none-manylinux2014_x86_64.whl (664.8 MB)
   ━━━━━━━━━━━━━━━━━━━━━━━━━━━━━━━━━━━━━━━━ 664.8/664.8 MB 451.1 MB/s  0:00:01
Downloading http://pypi-mirror.modal.local:5555/simple/nvidia-cufft-cu12/nvidia_cufft_cu12-11.0.2.54-py3-none-manylinux1_x86_64.whl (121.6 MB)
   ━━━━━━━━━━━━━━━━━━━━━━━━━━━━━━━━━━━━━━━━ 121.6/121.6 MB 868.3 MB/s  0:00:00
Downloading http://pypi-mirror.modal.local:5555/simple/nvidia-curand-cu12/nvidia_curand_cu12-10.3.2.106-py3-none-manylinux1_x86_64.whl (56.5 MB)
   ━━━━━━━━━━━━━━━━━━━━━━━━━━━━━━━━━━━━━━━━ 56.5/56.5 MB 856.9 MB/s  0:00:00
Downloading http://pypi-mirror.modal.local:5555/simple/nvidia-cusolver-cu12/nvidia_cusolver_cu12-11.4.5.107-py3-none-manylinux1_x86_64.whl (124.2 MB)
   ━━━━━━━━━━━━━━━━━━━━━━━━━━━━━━━━━━━━━━━━ 124.2/124.2 MB 846.4 MB/s  0:00:00
Downloading http://pypi-mirror.modal.local:5555/simple/nvidia-cusparse-cu12/nvidia_cusparse_cu12-12.1.0.106-py3-none-manylinux1_x86_64.whl (196.0 MB)
   ━━━━━━━━━━━━━━━━━━━━━━━━━━━━━━━━━━━━━━━━ 196.0/196.0 MB 835.0 MB/s  0:00:00
Downloading http://pypi-mirror.modal.local:5555/simple/nvidia-nccl-cu12/nvidia_nccl_cu12-2.20.5-py3-none-manylinux2014_x86_64.whl (176.2 MB)
   ━━━━━━━━━━━━━━━━━━━━━━━━━━━━━━━━━━━━━━━━ 176.2/176.2 MB 837.0 MB/s  0:00:00
Downloading http://pypi-mirror.modal.local:5555/simple/nvidia-nvtx-cu12/nvidia_nvtx_cu12-12.1.105-py3-none-manylinux1_x86_64.whl (99 kB)
Downloading http://pypi-mirror.modal.local:5555/simple/triton/triton-3.0.0-1-cp311-cp311-manylinux2014_x86_64.manylinux_2_17_x86_64.whl (209.4 MB)
   ━━━━━━━━━━━━━━━━━━━━━━━━━━━━━━━━━━━━━━━━ 209.4/209.4 MB 163.2 MB/s  0:00:01
Downloading http://pypi-mirror.modal.local:5555/simple/huggingface-hub/huggingface_hub-0.36.2-py3-none-any.whl (566 kB)
   ━━━━━━━━━━━━━━━━━━━━━━━━━━━━━━━━━━━━━━━━ 566.4/566.4 kB 2.9 GB/s  0:00:00
Downloading http://pypi-mirror.modal.local:5555/simple/hf-xet/hf_xet-1.6.0-cp38-abi3-manylinux2014_x86_64.manylinux_2_17_x86_64.whl (4.5 MB)
   ━━━━━━━━━━━━━━━━━━━━━━━━━━━━━━━━━━━━━━━━ 4.5/4.5 MB 787.6 MB/s  0:00:00
Downloading http://pypi-mirror.modal.local:5555/simple/tokenizers/tokenizers-0.19.1-cp311-cp311-manylinux_2_17_x86_64.manylinux2014_x86_64.whl (3.6 MB)
   ━━━━━━━━━━━━━━━━━━━━━━━━━━━━━━━━━━━━━━━━ 3.6/3.6 MB 425.7 MB/s  0:00:00
Downloading http://pypi-mirror.modal.local:5555/simple/pandas/pandas-3.0.6-cp311-cp311-manylinux_2_24_x86_64.manylinux_2_28_x86_64.whl (11.1 MB)
   ━━━━━━━━━━━━━━━━━━━━━━━━━━━━━━━━━━━━━━━━ 11.1/11.1 MB 393.9 MB/s  0:00:00
Downloading http://pypi-mirror.modal.local:5555/simple/protobuf/protobuf-7.36.2-cp310-abi3-manylinux2014_x86_64.whl (343 kB)
Downloading http://pypi-mirror.modal.local:5555/simple/pyarrow/pyarrow-25.0.1-cp311-cp311-manylinux_2_28_x86_64.whl (50.1 MB)
   ━━━━━━━━━━━━━━━━━━━━━━━━━━━━━━━━━━━━━━━━ 50.1/50.1 MB 376.3 MB/s  0:00:00
Downloading http://pypi-mirror.modal.local:5555/simple/requests/requests-2.34.2-py3-none-any.whl (73 kB)
Downloading http://pypi-mirror.modal.local:5555/simple/charset-normalizer/charset_normalizer-3.5.1-cp311-cp311-manylinux2014_x86_64.manylinux_2_17_x86_64.manylinux_2_28_x86_64.whl (262 kB)
Downloading http://pypi-mirror.modal.local:5555/simple/idna/idna-3.20-py3-none-any.whl (69 kB)
Downloading http://pypi-mirror.modal.local:5555/simple/urllib3/urllib3-2.8.0-py3-none-any.whl (135 kB)
Downloading http://pypi-mirror.modal.local:5555/simple/sentencepiece/sentencepiece-0.2.2-cp311-cp311-manylinux_2_27_x86_64.manylinux_2_28_x86_64.whl (1.4 MB)
   ━━━━━━━━━━━━━━━━━━━━━━━━━━━━━━━━━━━━━━━━ 1.4/1.4 MB 1.1 GB/s  0:00:00
Downloading http://pypi-mirror.modal.local:5555/simple/tiktoken/tiktoken-0.14.0-cp311-cp311-manylinux_2_28_x86_64.whl (1.2 MB)
   ━━━━━━━━━━━━━━━━━━━━━━━━━━━━━━━━━━━━━━━━ 1.2/1.2 MB 1.1 GB/s  0:00:00
Downloading http://pypi-mirror.modal.local:5555/simple/certifi/certifi-2026.7.22-py3-none-any.whl (136 kB)
Downloading http://pypi-mirror.modal.local:5555/simple/fsspec/fsspec-2026.9.0-py3-none-any.whl (221 kB)
Downloading http://pypi-mirror.modal.local:5555/simple/numpy/numpy-2.4.6-cp311-cp311-manylinux_2_27_x86_64.manylinux_2_28_x86_64.whl (16.9 MB)
   ━━━━━━━━━━━━━━━━━━━━━━━━━━━━━━━━━━━━━━━━ 16.9/16.9 MB 845.6 MB/s  0:00:00
Downloading http://pypi-mirror.modal.local:5555/simple/packaging/packaging-26.3-py3-none-any.whl (129 kB)
Downloading http://pypi-mirror.modal.local:5555/simple/python-dateutil/python_dateutil-2.9.0.post0-py2.py3-none-any.whl (229 kB)
Downloading http://pypi-mirror.modal.local:5555/simple/pyyaml/pyyaml-6.0.3-cp311-cp311-manylinux2014_x86_64.manylinux_2_17_x86_64.manylinux_2_28_x86_64.whl (806 kB)
   ━━━━━━━━━━━━━━━━━━━━━━━━━━━━━━━━━━━━━━━━ 806.6/806.6 kB 1.6 GB/s  0:00:00
Downloading http://pypi-mirror.modal.local:5555/simple/regex/regex-2026.9.10-cp311-cp311-manylinux2014_x86_64.manylinux_2_17_x86_64.manylinux_2_28_x86_64.whl (802 kB)
   ━━━━━━━━━━━━━━━━━━━━━━━━━━━━━━━━━━━━━━━━ 803.0/803.0 kB 1.0 GB/s  0:00:00
Downloading http://pypi-mirror.modal.local:5555/simple/safetensors/safetensors-0.8.0-cp310-abi3-manylinux_2_17_x86_64.manylinux2014_x86_64.whl (516 kB)
Downloading http://pypi-mirror.modal.local:5555/simple/six/six-1.17.0-py2.py3-none-any.whl (11 kB)
Downloading http://pypi-mirror.modal.local:5555/simple/tqdm/tqdm-4.70.1-py3-none-any.whl (80 kB)
Downloading http://pypi-mirror.modal.local:5555/simple/typing-extensions/typing_extensions-4.16.0-py3-none-any.whl (45 kB)
Downloading http://pypi-mirror.modal.local:5555/simple/filelock/filelock-4.0.4-py3-none-any.whl (108 kB)
Downloading http://pypi-mirror.modal.local:5555/simple/jinja2/jinja2-3.1.6-py3-none-any.whl (134 kB)
Downloading http://pypi-mirror.modal.local:5555/simple/markupsafe/markupsafe-3.0.3-cp311-cp311-manylinux2014_x86_64.manylinux_2_17_x86_64.manylinux_2_28_x86_64.whl (22 kB)
Downloading http://pypi-mirror.modal.local:5555/simple/networkx/networkx-3.6.1-py3-none-any.whl (2.1 MB)
   ━━━━━━━━━━━━━━━━━━━━━━━━━━━━━━━━━━━━━━━━ 2.1/2.1 MB 849.5 MB/s  0:00:00
Downloading http://pypi-mirror.modal.local:5555/simple/nvidia-nvjitlink-cu12/nvidia_nvjitlink_cu12-12.9.86-py3-none-manylinux2010_x86_64.manylinux_2_12_x86_64.whl (39.7 MB)
   ━━━━━━━━━━━━━━━━━━━━━━━━━━━━━━━━━━━━━━━━ 39.7/39.7 MB 825.1 MB/s  0:00:00
Downloading http://pypi-mirror.modal.local:5555/simple/sympy/sympy-1.14.0-py3-none-any.whl (6.3 MB)
   ━━━━━━━━━━━━━━━━━━━━━━━━━━━━━━━━━━━━━━━━ 6.3/6.3 MB 995.8 MB/s  0:00:00
Downloading http://pypi-mirror.modal.local:5555/simple/mpmath/mpmath-1.3.0-py3-none-any.whl (536 kB)
   ━━━━━━━━━━━━━━━━━━━━━━━━━━━━━━━━━━━━━━━━ 536.2/536.2 kB 1.5 GB/s  0:00:00
Installing collected packages: mpmath, urllib3, typing-extensions, tqdm, sympy, six, sentencepiece, safetensors, regex, pyyaml, pyarrow, protobuf, packaging, nvidia-nvtx-cu12, nvidia-nvjitlink-cu12, nvidia-nccl-cu12, nvidia-curand-cu12, nvidia-cufft-cu12, nvidia-cuda-runtime-cu12, nvidia-cuda-nvrtc-cu12, nvidia-cuda-cupti-cu12, nvidia-cublas-cu12, numpy, networkx, MarkupSafe, idna, hf-xet, fsspec, filelock, charset_normalizer, certifi, triton, requests, python-dateutil, nvidia-cusparse-cu12, nvidia-cudnn-cu12, jinja2, tiktoken, pandas, nvidia-cusolver-cu12, huggingface-hub, torch, tokenizers, transformers

Successfully installed MarkupSafe-3.0.3 certifi-2026.7.22 charset_normalizer-3.5.1 filelock-4.0.4 fsspec-2026.9.0 hf-xet-1.6.0 huggingface-hub-0.36.2 idna-3.20 jinja2-3.1.6 mpmath-1.3.0 networkx-3.6.1 numpy-2.4.6 nvidia-cublas-cu12-12.1.3.1 nvidia-cuda-cupti-cu12-12.1.105 nvidia-cuda-nvrtc-cu12-12.1.105 nvidia-cuda-runtime-cu12-12.1.105 nvidia-cudnn-cu12-9.1.0.70 nvidia-cufft-cu12-11.0.2.54 nvidia-curand-cu12-10.3.2.106 nvidia-cusolver-cu12-11.4.5.107 nvidia-cusparse-cu12-12.1.0.106 nvidia-nccl-cu12-2.20.5 nvidia-nvjitlink-cu12-12.9.86 nvidia-nvtx-cu12-12.1.105 packaging-26.3 pandas-3.0.6 protobuf-7.36.2 pyarrow-25.0.1 python-dateutil-2.9.0.post0 pyyaml-6.0.3 regex-2026.9.10 requests-2.34.2 safetensors-0.8.0 sentencepiece-0.2.2 six-1.17.0 sympy-1.14.0 tiktoken-0.14.0 tokenizers-0.19.1 torch-2.4.1 tqdm-4.70.1 transformers-4.44.2 triton-3.0.0 typing-extensions-4.16.0 urllib3-2.8.0

[notice] A new release of pip is available: 25.2 -> 26.2.1
[notice] To update, run: pip install --upgrade pip
Saving image...
Image saved, took 2.63s

Built image im-Mja2uCGFySnkQejZwKkBFQ in 55.17s


✓ Created objects.
├── 🔨 Created mount C:\Users\L Melvin 
│   Denish\Amazon_ML\work\aws_job\modal_ce.py
└── 🔨 Created function run.
[xlmrl] NVIDIA A100 80GB PCIe train pairs 1,519,873 (21s)
/usr/local/lib/python3.11/site-packages/transformers/tokenization_utils_base.py:1601: FutureWarning: `clean_up_tokenization_spaces` was not set. It will be set to `True` by default. This behavior will be depracted in transformers v4.45, and will be then set to `False` by default. For more details check this issue: https://github.com/huggingface/transformers/issues/31884
  warnings.warn(
Some weights of XLMRobertaForSequenceClassification were not initialized from the model checkpoint at xlm-roberta-large and are newly initialized: ['classifier.dense.bias', 'classifier.dense.weight', 'classifier.out_proj.bias', 'classifier.out_proj.weight']
You should probably TRAIN this model on a down-stream task to be able to use it for predictions and inference.
[xlmrl] step 1000/23749 loss 0.3739 210s
[xlmrl] step 2000/23749 loss 0.1820 383s
[xlmrl] step 3000/23749 loss 0.1898 554s
[xlmrl] step 4000/23749 loss 0.1561 726s
[xlmrl] step 5000/23749 loss 0.4059 898s
[xlmrl] step 6000/23749 loss 0.2561 1071s
[xlmrl] step 7000/23749 loss 0.2254 1243s
[xlmrl] step 8000/23749 loss 0.1693 1415s
[xlmrl] step 9000/23749 loss 0.2312 1587s
[xlmrl] step 10000/23749 loss 0.1173 1760s
[xlmrl] step 11000/23749 loss 0.1631 1932s
[xlmrl] step 12000/23749 loss 0.1984 2104s
[xlmrl] step 13000/23749 loss 0.1845 2277s
[xlmrl] step 14000/23749 loss 0.1791 2449s
[xlmrl] step 15000/23749 loss 0.0840 2620s
[xlmrl] step 16000/23749 loss 0.1624 2792s
[xlmrl] step 17000/23749 loss 0.1432 2965s
[xlmrl] step 18000/23749 loss 0.0795 3137s
[xlmrl] step 19000/23749 loss 0.3592 3309s
[xlmrl] step 20000/23749 loss 0.1985 3481s
[xlmrl] step 21000/23749 loss 0.1566 3652s
[xlmrl] step 22000/23749 loss 0.1588 3824s
[xlmrl] step 23000/23749 loss 0.1367 3997s
[xlmrl] eval logloss 0.1539
[xlmrl] uploaded eval 411,798 4318s
[xlmrl] eval_x logloss 0.1449
[xlmrl] uploaded eval_x 67,227 4358s
Container terminated due to preemption. Your Function will be restarted with the same input. For more details, see https://modal.com/docs/guide/preemption
[xlmrl] NVIDIA A100 80GB PCIe train pairs 1,519,873 (23s)
/usr/local/lib/python3.11/site-packages/transformers/tokenization_utils_base.py:1601: FutureWarning: `clean_up_tokenization_spaces` was not set. It will be set to `True` by default. This behavior will be depracted in transformers v4.45, and will be then set to `False` by default. For more details check this issue: https://github.com/huggingface/transformers/issues/31884
  warnings.warn(
Some weights of XLMRobertaForSequenceClassification were not initialized from the model checkpoint at xlm-roberta-large and are newly initialized: ['classifier.dense.bias', 'classifier.dense.weight', 'classifier.out_proj.bias', 'classifier.out_proj.weight']
You should probably TRAIN this model on a down-stream task to be able to use it for predictions and inference.
[xlmrl] step 1000/23749 loss 0.3871 214s
[xlmrl] step 2000/23749 loss 0.3773 390s
[xlmrl] step 3000/23749 loss 0.2123 565s
[xlmrl] step 4000/23749 loss 0.2892 738s
[xlmrl] step 5000/23749 loss 0.2164 913s
[xlmrl] step 6000/23749 loss 0.1715 1088s
[xlmrl] step 7000/23749 loss 0.2198 1262s
[xlmrl] step 8000/23749 loss 0.3212 1437s
[xlmrl] step 9000/23749 loss 0.3088 1611s
[xlmrl] step 10000/23749 loss 0.2061 1785s
[xlmrl] step 11000/23749 loss 0.1950 1959s
[xlmrl] step 12000/23749 loss 0.1596 2133s
[xlmrl] step 13000/23749 loss 0.1192 2308s
[xlmrl] step 14000/23749 loss 0.1005 2483s
[xlmrl] step 15000/23749 loss 0.2395 2657s
[xlmrl] step 16000/23749 loss 0.1300 2831s
[xlmrl] step 17000/23749 loss 0.0732 3006s
[xlmrl] step 18000/23749 loss 0.0840 3179s
[xlmrl] step 19000/23749 loss 0.1788 3353s
[xlmrl] step 20000/23749 loss 0.1549 3527s
[xlmrl] step 21000/23749 loss 0.2240 3701s
[xlmrl] step 22000/23749 loss 0.2727 3874s
[xlmrl] step 23000/23749 loss 0.1427 4049s
[xlmrl] eval logloss 0.1546
[xlmrl] uploaded eval 411,798 4375s
[xlmrl] eval_x logloss 0.1473
[xlmrl] uploaded eval_x 67,227 4416s
[xlmrl] uploaded test_x 401,923 4650s
[xlmrl] uploaded test 3,545,879 6496s
xlmrl done: eval logloss 0.1546; eval_x logloss 0.1473
✓ App completed. View run at 
https://modal.com/apps/lmelvindenish/main/ap-orRhg18KLnCaZULCrRxn2Z
